JobId=2061873 JobName=RYTVOS-GS
   UserId=wahba(2286) GroupId=ra_staff(5011) MCS_label=N/A
   Priority=400 Nice=0 Account=l40s QOS=normal
   JobState=RUNNING Reason=None Dependency=(null)
   Requeue=1 Restarts=0 BatchFlag=1 Reboot=0 ExitCode=0:0
   RunTime=00:00:01 TimeLimit=23:00:00 TimeMin=N/A
   SubmitTime=2026-05-02T19:26:17 EligibleTime=2026-05-02T19:26:17
   AccrueTime=2026-05-02T19:26:17
   StartTime=2026-05-02T19:26:17 EndTime=2026-05-03T18:26:17 Deadline=N/A
   SuspendTime=None SecsPreSuspend=0 LastSchedEval=2026-05-02T19:26:17 Scheduler=Main
   Partition=L40Sday AllocNode:Sid=tcml-login3:566424
   ReqNodeList=(null) ExcNodeList=(null)
   NodeList=tcml-node3
   BatchHost=tcml-node3
   NumNodes=1 NumCPUs=1 NumTasks=1 CPUs/Task=1 ReqB:S:C:T=0:0:*:*
   ReqTRES=cpu=1,mem=100G,node=1,billing=19,gres/gpu=1
   AllocTRES=cpu=1,mem=100G,node=1,billing=19,gres/gpu=1
   Socks/Node=* NtasksPerN:B:S:C=0:0:*:* CoreSpec=*
   MinCPUsNode=1 MinMemoryCPU=100G MinTmpDiskNode=0
   Features=(null) DelayBoot=00:00:00
   OverSubscribe=OK Contiguous=0 Licenses=(null) LicensesAlloc=(null) Network=(null)
   Command=/mnt/beegfs/home/wahba/git/temporal-coherence-vlm/experiments/ref-youtube-vos-grounding/sbatch_run.sh
   WorkDir=/mnt/beegfs/home/wahba/git/temporal-coherence-vlm/experiments/ref-youtube-vos-grounding
   StdErr=/mnt/beegfs/home/wahba/git/temporal-coherence-vlm/experiments/ref-youtube-vos-grounding/logs/RYTVOS-GS-2061873.err
   StdIn=/dev/null
   StdOut=/mnt/beegfs/home/wahba/git/temporal-coherence-vlm/experiments/ref-youtube-vos-grounding/logs/RYTVOS-GS-2061873.out
   TresPerNode=gres/gpu:1
   

Sat May  2 19:26:18 2026       
+-----------------------------------------------------------------------------------------+
| NVIDIA-SMI 580.126.09             Driver Version: 580.126.09     CUDA Version: 13.0     |
+-----------------------------------------+------------------------+----------------------+
| GPU  Name                 Persistence-M | Bus-Id          Disp.A | Volatile Uncorr. ECC |
| Fan  Temp   Perf          Pwr:Usage/Cap |           Memory-Usage | GPU-Util  Compute M. |
|                                         |                        |               MIG M. |
|=========================================+========================+======================|
|   0  NVIDIA L40S                    Off |   00000000:21:00.0 Off |                    0 |
| N/A   29C    P8             33W /  350W |       0MiB /  46068MiB |      0%      Default |
|                                         |                        |                  N/A |
+-----------------------------------------+------------------------+----------------------+

+-----------------------------------------------------------------------------------------+
| Processes:                                                                              |
|  GPU   GI   CI              PID   Type   Process name                        GPU Memory |
|        ID   ID                                                               Usage      |
|=========================================================================================|
|  No running processes found                                                             |
+-----------------------------------------------------------------------------------------+
